
IDENT IDENT ASSIGN LET IDENT ASSIGN LBRACK INT LRANGE RBRACK IN LET IDENT IDENT IDENT IDENT ASSIGN IF IDENT EQ INT OR LPAREN IDENT IDENT RPAREN EQ INT THEN IDENT ELSE IDENT LPAREN IDENT INT RPAREN LPAREN TAIL IDENT RPAREN LPAREN LPAREN HEAD IDENT RPAREN PLUS IDENT RPAREN IN IDENT IDENT IDENT INT 