
IDENT IDENT ASSIGN LET IDENT IDENT IDENT ASSIGN IF IDENT EQ INT THEN INT CONS IDENT ELSE IF IDENT MOD INT EQ INT THEN IDENT LPAREN IDENT DIVIDE INT RPAREN LPAREN IDENT CONS IDENT RPAREN ELSE IDENT LPAREN INT TIMES IDENT PLUS INT RPAREN LPAREN IDENT CONS IDENT RPAREN IN IDENT IDENT LBRACK RBRACK 