
IDENT IDENT ASSIGN LET IDENT ASSIGN IDENT DIVIDE INT IN LET IDENT ASSIGN LBRACK INT LRANGE IDENT RBRACK IN LET IDENT ASSIGN LBRACK IDENT BAR IDENT OVER IDENT COMMA IDENT MOD IDENT EQ INT RBRACK IN IDENT IDENT EQ INT IDENT IDENT ASSIGN LET IDENT ASSIGN LBRACK LPAREN IDENT PLUS INT RPAREN LRANGE INT TIMES IDENT RBRACK IN LET IDENT ASSIGN LBRACK IDENT BAR IDENT OVER IDENT COMMA IDENT MOD INT NEQ INT RBRACK IN IDENT LPAREN FUN IDENT RARROW FUN IDENT RARROW IF IDENT THEN IDENT IDENT RPAREN LPAREN HEAD IDENT RPAREN IDENT 