
LET IDENT ASSIGN LBRACK INT LRANGE INT RBRACK IN LET IDENT ASSIGN LPAREN FUN IDENT IDENT IDENT RARROW IF LPAREN IDENT PLUS LPAREN INT TIMES IDENT RPAREN RPAREN LESS IDENT THEN IDENT PLUS IDENT PLUS IDENT ELSE LPAREN IDENT PLUS IDENT RPAREN MINUS IDENT RPAREN IN LET IDENT ASSIGN LBRACK LPAREN IDENT PLUS INT RPAREN MOD INT BAR IDENT OVER LPAREN TAIL LPAREN LBRACK INT LRANGE INT RBRACK CAT IDENT RPAREN RPAREN COMMA NOT LPAREN LPAREN LPAREN IDENT POW INT RPAREN POW INT RPAREN EQ LPAREN INT RPAREN RPAREN OR LPAREN IDENT LEQ INT RPAREN RBRACK IN LET IDENT ASSIGN STRING <WAAA
H
OO
OOOOO
OOOOOOOOOOOOO :'-}> IN LET IDENT ASSIGN STRING <{- ... -} hahahaha <- it looks like a annoyed face> IN 