
STRING <This is a string> STRING <It's no biggie> STRING <'S''t''r''i''n''g''s'' ''a''r''e'' ''m''a''d''e'' ''o''f'' ''c''h''a''r''s'> STRING < #single line comment
# but on two lines> 