
LBRACK IDENT TIMES INT BAR IDENT OVER LBRACK INT COMMA INT COMMA INT RBRACK RBRACK LBRACK IDENT BAR IDENT OVER LBRACK INT LRANGE INT RBRACK RBRACK LBRACK IDENT POW INT BAR IDENT OVER LBRACK INT LRANGE INT RBRACK COMMA IDENT MOD INT EQ INT RBRACK LBRACK IDENT MINUS IDENT MINUS IDENT BAR IDENT OVER LBRACK INT COMMA INT RBRACK COMMA IDENT OVER LBRACK INT COMMA INT RBRACK COMMA IDENT OVER LBRACK INT COMMA INT RBRACK RBRACK LBRACK IDENT PLUS IDENT BAR IDENT OVER LBRACK INT COMMA INT COMMA INT RBRACK COMMA IDENT OVER LBRACK INT LRANGE INT RBRACK COMMA IDENT NEQ IDENT RBRACK LBRACK INT LRANGE RBRACK LBRACK INT COMMA INT LRANGE INT COMMA INT LRANGE RBRACK 